[2026-04-25T17:32:25.216Z] [INFO] Inicio de ejecucion
[2026-04-25T17:32:25.217Z] [INFO] Instrumentos solicitados: cedears
[2026-04-25T17:32:25.863Z] [INFO] Autenticacion inicial exitosa
[2026-04-25T17:32:25.863Z] [INFO] Procesando instrumento cedears...
[2026-04-25T17:32:28.592Z] [INFO] Descubrimiento cedears: 868 simbolos (/Cotizaciones/Cedears/argentina/Todos)
[2026-04-25T17:32:36.864Z] [INFO] Loading cedears: 44/868 (5%)
[2026-04-25T17:32:42.535Z] [INFO] Loading cedears: 88/868 (10%)
[2026-04-25T17:32:46.959Z] [WARN] Fallo simbolo BKC* (cedears): Simbolo no soportado por endpoint detalle: BKC*
[2026-04-25T17:32:48.207Z] [INFO] Loading cedears: 132/868 (15%)
[2026-04-25T17:32:53.775Z] [INFO] Loading cedears: 176/868 (20%)
[2026-04-25T17:32:59.918Z] [INFO] Loading cedears: 220/868 (25%)
[2026-04-25T17:33:05.675Z] [INFO] Loading cedears: 264/868 (30%)
[2026-04-25T17:33:11.453Z] [INFO] Loading cedears: 308/868 (35%)
[2026-04-25T17:33:18.118Z] [INFO] Loading cedears: 352/868 (41%)
[2026-04-25T17:33:23.606Z] [INFO] Loading cedears: 396/868 (46%)
[2026-04-25T17:33:29.330Z] [INFO] Loading cedears: 440/868 (51%)
[2026-04-25T17:33:34.797Z] [INFO] Loading cedears: 484/868 (56%)
[2026-04-25T17:33:40.214Z] [INFO] Loading cedears: 528/868 (61%)
[2026-04-25T17:33:45.636Z] [INFO] Loading cedears: 572/868 (66%)
[2026-04-25T17:33:51.060Z] [INFO] Loading cedears: 616/868 (71%)
[2026-04-25T17:33:56.491Z] [INFO] Loading cedears: 660/868 (76%)
[2026-04-25T17:34:02.106Z] [INFO] Loading cedears: 704/868 (81%)
[2026-04-25T17:34:07.728Z] [INFO] Loading cedears: 748/868 (86%)
[2026-04-25T17:34:13.142Z] [INFO] Loading cedears: 792/868 (91%)
[2026-04-25T17:34:19.085Z] [INFO] Loading cedears: 836/868 (96%)
[2026-04-25T17:34:23.300Z] [INFO] Loading cedears: 868/868 (100%)
[2026-04-25T17:34:23.301Z] [INFO] Instrumento cedears: ok=867, fallos=1
[2026-04-25T17:34:23.306Z] [INFO] CSV exportado: d:\Tools\Git repo\Other-projects\Script-IOL-excel\output\25-04-2026\byma-2026-04-25T17-32-25-215Z.csv
[2026-04-25T17:34:23.317Z] [INFO] Auditoria exportada: d:\Tools\Git repo\Other-projects\Script-IOL-excel\output\25-04-2026\byma-2026-04-25T17-32-25-215Z-audit.json
[2026-04-25T17:34:23.318Z] [INFO] Archivos generados: d:\Tools\Git repo\Other-projects\Script-IOL-excel\output\25-04-2026\byma-2026-04-25T17-32-25-215Z.csv | d:\Tools\Git repo\Other-projects\Script-IOL-excel\output\25-04-2026\byma-2026-04-25T17-32-25-215Z-audit.json
[2026-04-25T17:34:23.318Z] [INFO] Ejecucion finalizada
[2026-04-25T17:34:23.318Z] [INFO] Duracion total: 1m 58s
[2026-04-25T17:34:23.318Z] [INFO] Mercado (estimado): CERRADA (fin de semana). Cierre de referencia: 25/04/2026, 05:00:00 p. m.
